// Jest Snapshot v1, https://goo.gl/fbAQLP

exports[`Hello is hello 1`] = `
<h2>
  Hello component !
</h2>
`;
